// Jest Snapshot v1, https://goo.gl/fbAQLP

exports[`LoginPage renders correctly 1`] = `
<div
  class="auth-page"
>
  <signin-stub
    togglesignup="function () { [native code] }"
  />
   
  <!---->
</div>
`;
